
> homeconnect-pro@0.1.0 build
> next build

   Γû▓ Next.js 16.0.6 (Turbopack)
   - Environments: .env.local

   Creating an optimized production build ...
 Γ£ô Compiled successfully in 4.0s
   Running TypeScript ...
